src/components/date-range-picker/date-range-picker.stories.tsx(4,10): error TS1484: 'DateRange' is a type and must be imported using a type-only import when 'verbatimModuleSyntax' is enabled.
src/components/date-range-picker/date-range-picker.tsx(4,37): error TS6196: 'DateRange' is declared but never used.
src/components/date-range-picker/date-range-picker.tsx(10,5): error TS6133: 'placeholder' is declared but its value is never read.
src/components/dropdown/dropdown.stories.tsx(27,33): error TS2322: Type 'string | number' is not assignable to type 'string | undefined'.
  Type 'number' is not assignable to type 'string'.
src/components/dropdown/dropdown.types.ts(1,10): error TS1484: 'ReactNode' is a type and must be imported using a type-only import when 'verbatimModuleSyntax' is enabled.
src/components/dropdown/dropdown.types.ts(1,21): error TS1484: 'ComponentType' is a type and must be imported using a type-only import when 'verbatimModuleSyntax' is enabled.
src/components/multi-select/multi-select.tsx(59,64): error TS2345: Argument of type 'string | number' is not assignable to parameter of type 'string'.
  Type 'number' is not assignable to type 'string'.
src/components/multi-select/multi-select.tsx(89,47): error TS2345: Argument of type 'string | number' is not assignable to parameter of type 'string'.
  Type 'number' is not assignable to type 'string'.
src/components/rating/rating.stories.tsx(28,31): error TS2561: Object literal may only specify known properties, but 'readonly' does not exist in type 'Partial<{ value?: number | undefined; max?: number | undefined; onChange?: ((value: number) => void) | undefined; readOnly?: boolean | undefined; size?: number | undefined; label?: string | undefined; count?: number | undefined; className?: string | undefined; }> & { ...; }'. Did you mean to write 'readOnly'?
